// Jest Snapshot v1, https://goo.gl/fbAQLP

exports[`Header component renders Header 1`] = `
<DocumentFragment>
  <header
    class="Header"
    style="background-color: rgb(212, 208, 207); color: rgb(68, 75, 77);"
  >
    <button>
      Toggle Theme
    </button>
  </header>
</DocumentFragment>
`;
